../Core/Src/main.c:126:5:main	1080	static
../Core/Src/main.c:191:6:SystemClock_Config	128	static
../Core/Src/main.c:250:13:SystemPower_Config	8	static
../Core/Src/main.c:273:13:MX_ADC4_Init	40	static
../Core/Src/main.c:336:13:MX_I2C1_Init	8	static
../Core/Src/main.c:384:13:MX_I2C2_Init	8	static
../Core/Src/main.c:432:13:MX_I2C3_Init	8	static
../Core/Src/main.c:480:13:MX_I2C4_Init	8	static
../Core/Src/main.c:528:13:MX_ICACHE_Init	8	static
../Core/Src/main.c:560:13:MX_RTC_Init	64	static
../Core/Src/main.c:648:13:MX_SPI1_Init	24	static
../Core/Src/main.c:705:13:MX_SPI2_Init	24	static
../Core/Src/main.c:762:13:MX_SPI3_Init	24	static
../Core/Src/main.c:819:13:MX_USART1_UART_Init	8	static
../Core/Src/main.c:867:13:MX_GPIO_Init	56	static
../Core/Src/main.c:1011:6:HAL_RTCEx_TimeStampEventCallback	56	static
../Core/Src/main.c:1035:9:lps277I2CTestInit	88	static
../Core/Src/main.c:1056:9:lis2mdlI2CTestInit	88	static
../Core/Src/main.c:1077:9:lsm6dsoxI2CTestInit	88	static
../Core/Src/main.c:1106:9:lps277I2CTestFunction	104	static
../Core/Src/main.c:1129:9:lis2mdlI2CTestFunction	104	static
../Core/Src/main.c:1155:9:lsm6dsoxI2CTestFunction	168	static
../Core/Src/main.c:1193:9:lps277SPITestInit	144	static
../Core/Src/main.c:1215:9:lps277SPITestFunction	168	static
../Core/Src/main.c:1433:6:Error_Handler	4	static,ignoring_inline_asm
