../Drivers/STM32U5xx_HAL_Driver/Src/stm32u5xx_hal_spi_ex.c:75:19:HAL_SPIEx_FlushRxFifo	32	static
../Drivers/STM32U5xx_HAL_Driver/Src/stm32u5xx_hal_spi_ex.c:114:19:HAL_SPIEx_EnableLockConfiguration	0	static
../Drivers/STM32U5xx_HAL_Driver/Src/stm32u5xx_hal_spi_ex.c:163:19:HAL_SPIEx_ConfigureUnderrun	0	static
../Drivers/STM32U5xx_HAL_Driver/Src/stm32u5xx_hal_spi_ex.c:220:19:HAL_SPIEx_SetConfigAutonomousMode	12	static
../Drivers/STM32U5xx_HAL_Driver/Src/stm32u5xx_hal_spi_ex.c:262:19:HAL_SPIEx_GetConfigAutonomousMode	0	static
../Drivers/STM32U5xx_HAL_Driver/Src/stm32u5xx_hal_spi_ex.c:288:19:HAL_SPIEx_ClearConfigAutonomousMode	8	static
