../Drivers/STM32U5xx_HAL_Driver/Src/stm32u5xx_hal_spi.c:3496:13:SPI_RxISR_16BIT	0	static
../Drivers/STM32U5xx_HAL_Driver/Src/stm32u5xx_hal_spi.c:3524:13:SPI_RxISR_32BIT	0	static
../Drivers/STM32U5xx_HAL_Driver/Src/stm32u5xx_hal_spi.c:3567:13:SPI_TxISR_16BIT	0	static
../Drivers/STM32U5xx_HAL_Driver/Src/stm32u5xx_hal_spi.c:3594:13:SPI_TxISR_32BIT	0	static
../Drivers/STM32U5xx_HAL_Driver/Src/stm32u5xx_hal_spi.c:3615:13:SPI_AbortTransfer	0	static
../Drivers/STM32U5xx_HAL_Driver/Src/stm32u5xx_hal_spi.c:3654:13:SPI_CloseTransfer	0	static
../Drivers/STM32U5xx_HAL_Driver/Src/stm32u5xx_hal_spi.c:3474:13:SPI_RxISR_8BIT	0	static
../Drivers/STM32U5xx_HAL_Driver/Src/stm32u5xx_hal_spi.c:3546:13:SPI_TxISR_8BIT	0	static
../Drivers/STM32U5xx_HAL_Driver/Src/stm32u5xx_hal_spi.c:519:13:HAL_SPI_MspInit	0	static
../Drivers/STM32U5xx_HAL_Driver/Src/stm32u5xx_hal_spi.c:235:19:HAL_SPI_Init	24	static
../Drivers/STM32U5xx_HAL_Driver/Src/stm32u5xx_hal_spi.c:535:13:HAL_SPI_MspDeInit	0	static
../Drivers/STM32U5xx_HAL_Driver/Src/stm32u5xx_hal_spi.c:475:19:HAL_SPI_DeInit	8	static
../Drivers/STM32U5xx_HAL_Driver/Src/stm32u5xx_hal_spi.c:807:19:HAL_SPI_Transmit	32	static
../Drivers/STM32U5xx_HAL_Driver/Src/stm32u5xx_hal_spi.c:1230:19:HAL_SPI_TransmitReceive	32	static
../Drivers/STM32U5xx_HAL_Driver/Src/stm32u5xx_hal_spi.c:1026:19:HAL_SPI_Receive	40	static
../Drivers/STM32U5xx_HAL_Driver/Src/stm32u5xx_hal_spi.c:1458:19:HAL_SPI_Transmit_IT	8	static
../Drivers/STM32U5xx_HAL_Driver/Src/stm32u5xx_hal_spi.c:1639:19:HAL_SPI_TransmitReceive_IT	16	static
../Drivers/STM32U5xx_HAL_Driver/Src/stm32u5xx_hal_spi.c:1542:19:HAL_SPI_Receive_IT	12	static
../Drivers/STM32U5xx_HAL_Driver/Src/stm32u5xx_hal_spi.c:1818:19:HAL_SPI_Transmit_DMA	24	static
../Drivers/STM32U5xx_HAL_Driver/Src/stm32u5xx_hal_spi.c:2215:19:HAL_SPI_TransmitReceive_DMA	24	static
../Drivers/STM32U5xx_HAL_Driver/Src/stm32u5xx_hal_spi.c:2013:19:HAL_SPI_Receive_DMA	24	static
../Drivers/STM32U5xx_HAL_Driver/Src/stm32u5xx_hal_spi.c:2515:19:HAL_SPI_Abort	16	static
../Drivers/STM32U5xx_HAL_Driver/Src/stm32u5xx_hal_spi.c:2746:19:HAL_SPI_DMAPause	0	static
../Drivers/STM32U5xx_HAL_Driver/Src/stm32u5xx_hal_spi.c:2761:19:HAL_SPI_DMAResume	0	static
../Drivers/STM32U5xx_HAL_Driver/Src/stm32u5xx_hal_spi.c:2776:19:HAL_SPI_DMAStop	0	static
../Drivers/STM32U5xx_HAL_Driver/Src/stm32u5xx_hal_spi.c:3030:13:HAL_SPI_TxCpltCallback	0	static
../Drivers/STM32U5xx_HAL_Driver/Src/stm32u5xx_hal_spi.c:3216:13:SPI_DMATransmitCplt	8	static
../Drivers/STM32U5xx_HAL_Driver/Src/stm32u5xx_hal_spi.c:3046:13:HAL_SPI_RxCpltCallback	0	static
../Drivers/STM32U5xx_HAL_Driver/Src/stm32u5xx_hal_spi.c:3244:13:SPI_DMAReceiveCplt	8	static
../Drivers/STM32U5xx_HAL_Driver/Src/stm32u5xx_hal_spi.c:3062:13:HAL_SPI_TxRxCpltCallback	0	static
../Drivers/STM32U5xx_HAL_Driver/Src/stm32u5xx_hal_spi.c:3272:13:SPI_DMATransmitReceiveCplt	8	static
../Drivers/STM32U5xx_HAL_Driver/Src/stm32u5xx_hal_spi.c:3078:13:HAL_SPI_TxHalfCpltCallback	0	static
../Drivers/STM32U5xx_HAL_Driver/Src/stm32u5xx_hal_spi.c:3301:13:SPI_DMAHalfTransmitCplt	8	static
../Drivers/STM32U5xx_HAL_Driver/Src/stm32u5xx_hal_spi.c:3094:13:HAL_SPI_RxHalfCpltCallback	0	static
../Drivers/STM32U5xx_HAL_Driver/Src/stm32u5xx_hal_spi.c:3318:13:SPI_DMAHalfReceiveCplt	8	static
../Drivers/STM32U5xx_HAL_Driver/Src/stm32u5xx_hal_spi.c:3110:13:HAL_SPI_TxRxHalfCpltCallback	0	static
../Drivers/STM32U5xx_HAL_Driver/Src/stm32u5xx_hal_spi.c:3335:13:SPI_DMAHalfTransmitReceiveCplt	8	static
../Drivers/STM32U5xx_HAL_Driver/Src/stm32u5xx_hal_spi.c:3126:13:HAL_SPI_ErrorCallback	0	static
../Drivers/STM32U5xx_HAL_Driver/Src/stm32u5xx_hal_spi.c:3352:13:SPI_DMAError	8	static
../Drivers/STM32U5xx_HAL_Driver/Src/stm32u5xx_hal_spi.c:2790:6:HAL_SPI_IRQHandler	40	static
../Drivers/STM32U5xx_HAL_Driver/Src/stm32u5xx_hal_spi.c:3378:13:SPI_DMAAbortOnError	8	static
../Drivers/STM32U5xx_HAL_Driver/Src/stm32u5xx_hal_spi.c:3144:13:HAL_SPI_AbortCpltCallback	0	static
../Drivers/STM32U5xx_HAL_Driver/Src/stm32u5xx_hal_spi.c:2624:19:HAL_SPI_Abort_IT	24	static
../Drivers/STM32U5xx_HAL_Driver/Src/stm32u5xx_hal_spi.c:3439:13:SPI_DMARxAbortCallback	8	static
../Drivers/STM32U5xx_HAL_Driver/Src/stm32u5xx_hal_spi.c:3402:13:SPI_DMATxAbortCallback	8	static
../Drivers/STM32U5xx_HAL_Driver/Src/stm32u5xx_hal_spi.c:3179:22:HAL_SPI_GetState	0	static
../Drivers/STM32U5xx_HAL_Driver/Src/stm32u5xx_hal_spi.c:3191:10:HAL_SPI_GetError	0	static
