../Drivers/STM32U5xx_HAL_Driver/Src/stm32u5xx_hal_i2c_ex.c:101:19:HAL_I2CEx_ConfigAnalogFilter	8	static
../Drivers/STM32U5xx_HAL_Driver/Src/stm32u5xx_hal_i2c_ex.c:145:19:HAL_I2CEx_ConfigDigitalFilter	8	static
../Drivers/STM32U5xx_HAL_Driver/Src/stm32u5xx_hal_i2c_ex.c:213:19:HAL_I2CEx_EnableWakeUp	0	static
../Drivers/STM32U5xx_HAL_Driver/Src/stm32u5xx_hal_i2c_ex.c:252:19:HAL_I2CEx_DisableWakeUp	0	static
../Drivers/STM32U5xx_HAL_Driver/Src/stm32u5xx_hal_i2c_ex.c:308:19:HAL_I2CEx_ConfigFastModePlus	0	static
../Drivers/STM32U5xx_HAL_Driver/Src/stm32u5xx_hal_i2c_ex.c:376:19:HAL_I2CEx_SetConfigAutonomousMode	12	static
../Drivers/STM32U5xx_HAL_Driver/Src/stm32u5xx_hal_i2c_ex.c:423:19:HAL_I2CEx_GetConfigAutonomousMode	8	static
../Drivers/STM32U5xx_HAL_Driver/Src/stm32u5xx_hal_i2c_ex.c:449:19:HAL_I2CEx_ClearConfigAutonomousMode	8	static
