../Core/Src/stm32u5xx_hal_msp.c:63:6:HAL_MspInit	16	static
../Core/Src/stm32u5xx_hal_msp.c:88:6:HAL_ADC_MspInit	216	static
../Core/Src/stm32u5xx_hal_msp.c:121:6:HAL_ADC_MspDeInit	0	static
../Core/Src/stm32u5xx_hal_msp.c:143:6:HAL_I2C_MspInit	264	static
../Core/Src/stm32u5xx_hal_msp.c:288:6:HAL_I2C_MspDeInit	8	static
../Core/Src/stm32u5xx_hal_msp.c:379:6:HAL_RTC_MspInit	216	static
../Core/Src/stm32u5xx_hal_msp.c:416:6:HAL_RTC_MspDeInit	0	static
../Core/Src/stm32u5xx_hal_msp.c:442:6:HAL_SPI_MspInit	240	static
../Core/Src/stm32u5xx_hal_msp.c:491:6:HAL_SPI_MspDeInit	0	static
../Core/Src/stm32u5xx_hal_msp.c:522:6:HAL_UART_MspInit	240	static
../Core/Src/stm32u5xx_hal_msp.c:569:6:HAL_UART_MspDeInit	0	static
